NAME   MAJ:MIN RM  SIZE RO TYPE MOUNTPOINT
sda      8:0    0   40G  0 disk 
└─sda1   8:1    0   40G  0 part /
sdb      8:16   0  250M  0 disk 
sdc      8:32   0  250M  0 disk 
sdd      8:48   0  250M  0 disk 
sde      8:64   0  250M  0 disk 
sdf      8:80   0  250M  0 disk 

Disk /dev/sda: 42.9 GB, 42949672960 bytes, 83886080 sectors
Units = sectors of 1 * 512 = 512 bytes
Sector size (logical/physical): 512 bytes / 512 bytes
I/O size (minimum/optimal): 512 bytes / 512 bytes
Disk label type: dos
Disk identifier: 0x0009ef1a

   Device Boot      Start         End      Blocks   Id  System
/dev/sda1   *        2048    83886079    41942016   83  Linux

Disk /dev/sdb: 262 MB, 262144000 bytes, 512000 sectors
Units = sectors of 1 * 512 = 512 bytes
Sector size (logical/physical): 512 bytes / 512 bytes
I/O size (minimum/optimal): 512 bytes / 512 bytes


Disk /dev/sdc: 262 MB, 262144000 bytes, 512000 sectors
Units = sectors of 1 * 512 = 512 bytes
Sector size (logical/physical): 512 bytes / 512 bytes
I/O size (minimum/optimal): 512 bytes / 512 bytes


Disk /dev/sdd: 262 MB, 262144000 bytes, 512000 sectors
Units = sectors of 1 * 512 = 512 bytes
Sector size (logical/physical): 512 bytes / 512 bytes
I/O size (minimum/optimal): 512 bytes / 512 bytes


Disk /dev/sde: 262 MB, 262144000 bytes, 512000 sectors
Units = sectors of 1 * 512 = 512 bytes
Sector size (logical/physical): 512 bytes / 512 bytes
I/O size (minimum/optimal): 512 bytes / 512 bytes


Disk /dev/sdf: 262 MB, 262144000 bytes, 512000 sectors
Units = sectors of 1 * 512 = 512 bytes
Sector size (logical/physical): 512 bytes / 512 bytes
I/O size (minimum/optimal): 512 bytes / 512 bytes

RAID10 is created
NAME   MAJ:MIN RM  SIZE RO TYPE   MOUNTPOINT
sda      8:0    0   40G  0 disk   
└─sda1   8:1    0   40G  0 part   /
sdb      8:16   0  250M  0 disk   
└─md0    9:0    0  620M  0 raid10 
sdc      8:32   0  250M  0 disk   
└─md0    9:0    0  620M  0 raid10 
sdd      8:48   0  250M  0 disk   
└─md0    9:0    0  620M  0 raid10 
sde      8:64   0  250M  0 disk   
└─md0    9:0    0  620M  0 raid10 
sdf      8:80   0  250M  0 disk   
└─md0    9:0    0  620M  0 raid10 
Personalities : [raid10] 
md0 : active raid10 sdf[4] sde[3] sdd[2] sdc[1] sdb[0]
      634880 blocks super 1.2 512K chunks 2 near-copies [5/5] [UUUUU]
      [>....................]  resync =  2.4% (15488/634880) finish=0.6min speed=15488K/sec
      
unused devices: <none>
RAID is fixed
Personalities : [raid10] 
md0 : active raid10 sde[5](S) sdf[4] sdd[2] sdc[1] sdb[0]
      634880 blocks super 1.2 512K chunks 2 near-copies [5/4] [UUU_U]
      
unused devices: <none>
ARRAY /dev/md0 level=raid10 num-devices=5 metadata=1.2 spares=1 name=otuslinux:0 UUID=31e336d7:3cc0cf2f:52b81b59:ba7a9e28
   devices=/dev/sdb,/dev/sdc,/dev/sdd,/dev/sde,/dev/sdf
mdadm.conf content
DEVICE partitions
ARRAY /dev/md0 level=raid10 num-devices=5 metadata=1.2 spares=1 name=otuslinux:0 UUID=31e336d7:3cc0cf2f:52b81b59:ba7a9e28
gpt partition is done
NAME      MAJ:MIN RM   SIZE RO TYPE   MOUNTPOINT
sda         8:0    0    40G  0 disk   
└─sda1      8:1    0    40G  0 part   /
sdb         8:16   0   250M  0 disk   
└─md0       9:0    0   620M  0 raid10 
  ├─md0p1 259:0    0 122.5M  0 md     /raid/part1
  ├─md0p2 259:1    0 122.5M  0 md     /raid/part2
  ├─md0p3 259:2    0   125M  0 md     /raid/part3
  ├─md0p4 259:3    0 122.5M  0 md     /raid/part4
  └─md0p5 259:4    0 122.5M  0 md     /raid/part5
sdc         8:32   0   250M  0 disk   
└─md0       9:0    0   620M  0 raid10 
  ├─md0p1 259:0    0 122.5M  0 md     /raid/part1
  ├─md0p2 259:1    0 122.5M  0 md     /raid/part2
  ├─md0p3 259:2    0   125M  0 md     /raid/part3
  ├─md0p4 259:3    0 122.5M  0 md     /raid/part4
  └─md0p5 259:4    0 122.5M  0 md     /raid/part5
sdd         8:48   0   250M  0 disk   
└─md0       9:0    0   620M  0 raid10 
  ├─md0p1 259:0    0 122.5M  0 md     /raid/part1
  ├─md0p2 259:1    0 122.5M  0 md     /raid/part2
  ├─md0p3 259:2    0   125M  0 md     /raid/part3
  ├─md0p4 259:3    0 122.5M  0 md     /raid/part4
  └─md0p5 259:4    0 122.5M  0 md     /raid/part5
sde         8:64   0   250M  0 disk   
└─md0       9:0    0   620M  0 raid10 
  ├─md0p1 259:0    0 122.5M  0 md     /raid/part1
  ├─md0p2 259:1    0 122.5M  0 md     /raid/part2
  ├─md0p3 259:2    0   125M  0 md     /raid/part3
  ├─md0p4 259:3    0 122.5M  0 md     /raid/part4
  └─md0p5 259:4    0 122.5M  0 md     /raid/part5
sdf         8:80   0   250M  0 disk   
└─md0       9:0    0   620M  0 raid10 
  ├─md0p1 259:0    0 122.5M  0 md     /raid/part1
  ├─md0p2 259:1    0 122.5M  0 md     /raid/part2
  ├─md0p3 259:2    0   125M  0 md     /raid/part3
  ├─md0p4 259:3    0 122.5M  0 md     /raid/part4
  └─md0p5 259:4    0 122.5M  0 md     /raid/part5
